// Jest Snapshot v1, https://goo.gl/fbAQLP

exports[`Send renders correctly 1`] = `
<View
  onLayout={[Function]}
  style={
    Array [
      Object {
        "backgroundColor": "rgb(0, 50, 120)",
        "flex": 1,
        "justifyContent": "space-between",
      },
      Object {
        "width": 750,
      },
      Object {
        "display": "flex",
        "flex": 1,
      },
    ]
  }
>
  <View
    style={
      Object {
        "backgroundColor": "rgb(21, 74, 150)",
        "bottom": 0,
        "left": 0,
        "position": "absolute",
        "right": 0,
        "top": 242,
      }
    }
  />
  <View
    style={
      Object {
        "alignItems": "center",
        "backgroundColor": "rgb(0, 50, 120)",
        "justifyContent": "center",
        "minHeight": 30,
      }
    }
  >
    <Image
      source={
        Object {
          "testUri": "../../../src/app/components/logo/images/pigzbe_logo_inapp.png",
        }
      }
      style={
        Object {
          "height": 25,
          "marginBottom": 10,
          "marginTop": 34,
          "width": 65,
        }
      }
    />
  </View>
  <View
    style={
      Object {
        "alignItems": "center",
        "justifyContent": "center",
        "marginTop": 20,
      }
    }
  >
    <Text
      style={
        Array [
          Object {
            "color": "rgb(255, 255, 255)",
            "fontFamily": "Poppins",
            "fontSize": 22,
            "fontWeight": "bold",
          },
          undefined,
        ]
      }
    >
      Transfer Wollo
    </Text>
    <Image
      source={
        Object {
          "testUri": "../../../src/app/components/step-header/images/transfer.png",
        }
      }
      style={
        Object {
          "height": 100,
          "marginBottom": -30,
          "marginTop": 8,
          "width": 200,
        }
      }
    />
  </View>
  <View
    onLayout={[Function]}
    style={
      Object {
        "flex": 1,
      }
    }
  >
    <View
      style={
        Array [
          Object {
            "flexGrow": 1,
          },
          Object {
            "bottom": 0,
          },
        ]
      }
    >
      <View
        onLayout={[Function]}
        style={
          Array [
            Object {
              "backgroundColor": "rgb(0, 50, 120)",
              "flex": 1,
              "justifyContent": "space-between",
            },
            Object {
              "width": 750,
            },
            Array [
              Object {
                "alignSelf": "center",
                "borderTopLeftRadius": 5,
                "borderTopRightRadius": 5,
                "width": "88.75%",
              },
              Object {
                "backgroundColor": "rgb(255, 255, 255)",
              },
            ],
          ]
        }
      >
        <RCTScrollView
          bounces={false}
          contentContainerStyle={
            Object {
              "flexGrow": 1,
              "justifyContent": "space-between",
            }
          }
          style={
            Object {
              "flex": 1,
            }
          }
        >
          <View>
            <View
              style={
                Array [
                  Object {
                    "display": "flex",
                    "flex": 1,
                  },
                  Object {
                    "paddingBottom": 12,
                    "paddingLeft": "6.25%",
                    "paddingRight": "6.25%",
                  },
                  Object {
                    "paddingTop": 10,
                  },
                ]
              }
            >
              <View
                style={
                  Object {
                    "width": "100%",
                  }
                }
              >
                <View
                  style={
                    Object {
                      "marginBottom": 10,
                    }
                  }
                >
                  <Text
                    style={
                      Object {
                        "color": "rgb(0, 50, 120)",
                        "fontFamily": "Poppins",
                        "fontSize": 16,
                        "fontWeight": "bold",
                        "marginBottom": 10,
                        "marginLeft": 2,
                        "marginTop": 10,
                      }
                    }
                  >
                    Send Wollo to
                  </Text>
                  <View
                    style={
                      Array [
                        Object {
                          "alignSelf": "stretch",
                          "borderColor": "rgb(127, 153, 188)",
                          "borderRadius": 22.5,
                          "borderWidth": 1,
                          "paddingLeft": 22,
                          "paddingRight": 22,
                        },
                        Object {
                          "borderRadius": 5,
                          "height": 97,
                        },
                      ]
                    }
                  >
                    <Text
                      style={
                        Object {
                          "color": "rgb(0, 50, 120)",
                          "fontFamily": "Poppins",
                          "fontSize": 14,
                          "fontWeight": "bold",
                          "left": 22,
                          "opacity": 0.6,
                          "position": "absolute",
                          "top": 14,
                        }
                      }
                    >
                      Enter account key
                    </Text>
                    <TextInput
                      allowFontScaling={true}
                      autoCapitalize="sentences"
                      autoCorrect={true}
                      blurOnSubmit={true}
                      editable={true}
                      keyboardType="default"
                      multiline={true}
                      numberOfLines={3}
                      onBlur={[Function]}
                      onChangeText={[Function]}
                      onFocus={[Function]}
                      placeholder=""
                      placeholderTextColor="rgb(127, 153, 188)"
                      returnKeyType="done"
                      style={
                        Array [
                          Object {
                            "color": "rgb(0, 50, 120)",
                            "flex": 1,
                            "fontFamily": "Poppins",
                            "fontSize": 14,
                            "fontWeight": "bold",
                            "lineHeight": 21,
                            "textAlignVertical": "top",
                          },
                          Object {
                            "paddingTop": 12,
                            "width": "100%",
                          },
                        ]
                      }
                      underlineColorAndroid="transparent"
                      value=""
                    />
                  </View>
                </View>
                <View
                  style={
                    Object {
                      "position": "relative",
                    }
                  }
                >
                  <Image
                    source={
                      Object {
                        "testUri": "../../../src/app/screens/send/images/wollo.png",
                      }
                    }
                    style={
                      Object {
                        "bottom": 21,
                        "height": 23,
                        "left": 11,
                        "position": "absolute",
                        "width": 23,
                      }
                    }
                  />
                  <View
                    style={
                      Object {
                        "marginBottom": 10,
                      }
                    }
                  >
                    <Text
                      style={
                        Object {
                          "color": "rgb(0, 50, 120)",
                          "fontFamily": "Poppins",
                          "fontSize": 16,
                          "fontWeight": "bold",
                          "marginBottom": 10,
                          "marginLeft": 2,
                          "marginTop": 10,
                        }
                      }
                    >
                      How much to send
                    </Text>
                    <View
                      style={
                        Array [
                          Object {
                            "alignSelf": "stretch",
                            "borderColor": "rgb(127, 153, 188)",
                            "borderRadius": 22.5,
                            "borderWidth": 1,
                            "paddingLeft": 22,
                            "paddingRight": 22,
                          },
                          Object {
                            "borderRadius": 25,
                            "height": 50,
                          },
                        ]
                      }
                    >
                      <Text
                        style={
                          Object {
                            "color": "rgb(0, 50, 120)",
                            "fontFamily": "Poppins",
                            "fontSize": 14,
                            "fontWeight": "bold",
                            "left": 22,
                            "opacity": 0.6,
                            "position": "absolute",
                            "top": 14,
                          }
                        }
                      >
                        Wollo
                      </Text>
                      <TextInput
                        allowFontScaling={true}
                        autoCapitalize="sentences"
                        autoCorrect={true}
                        blurOnSubmit={true}
                        editable={true}
                        keyboardType="numeric"
                        multiline={false}
                        numberOfLines={1}
                        onBlur={[Function]}
                        onChangeText={[Function]}
                        onFocus={[Function]}
                        placeholder=""
                        placeholderTextColor="rgb(127, 153, 188)"
                        returnKeyType="done"
                        style={
                          Array [
                            Object {
                              "color": "rgb(0, 50, 120)",
                              "flex": 1,
                              "fontFamily": "Poppins",
                              "fontSize": 14,
                              "fontWeight": "bold",
                              "lineHeight": 21,
                              "textAlignVertical": "top",
                            },
                            Object {
                              "paddingTop": 10,
                              "width": "100%",
                            },
                            Object {
                              "paddingLeft": 42,
                            },
                          ]
                        }
                        underlineColorAndroid="transparent"
                        value=""
                      />
                    </View>
                  </View>
                </View>
                <Text
                  style={
                    Object {
                      "color": "rgb(127, 153, 188)",
                      "fontFamily": "Poppins",
                      "fontSize": 14,
                      "marginBottom": 5,
                    }
                  }
                >
                  Estimate
                   
                  £0, $0, €0, ¥0
                </Text>
                <View
                  style={
                    Object {
                      "marginBottom": 10,
                    }
                  }
                >
                  <Text
                    style={
                      Object {
                        "color": "rgb(0, 50, 120)",
                        "fontFamily": "Poppins",
                        "fontSize": 16,
                        "fontWeight": "bold",
                        "marginBottom": 10,
                        "marginLeft": 2,
                        "marginTop": 10,
                      }
                    }
                  >
                    Add a message?
                  </Text>
                  <View
                    style={
                      Array [
                        Object {
                          "alignSelf": "stretch",
                          "borderColor": "rgb(127, 153, 188)",
                          "borderRadius": 22.5,
                          "borderWidth": 1,
                          "paddingLeft": 22,
                          "paddingRight": 22,
                        },
                        Object {
                          "borderRadius": 5,
                          "height": 76,
                        },
                      ]
                    }
                  >
                    <Text
                      style={
                        Object {
                          "color": "rgb(0, 50, 120)",
                          "fontFamily": "Poppins",
                          "fontSize": 14,
                          "fontWeight": "bold",
                          "left": 22,
                          "opacity": 0.6,
                          "position": "absolute",
                          "top": 14,
                        }
                      }
                    >
                      Add a message to your Wollo transfer?
                    </Text>
                    <TextInput
                      allowFontScaling={true}
                      autoCapitalize="sentences"
                      autoCorrect={true}
                      blurOnSubmit={true}
                      editable={true}
                      keyboardType="default"
                      maxLength={28}
                      multiline={true}
                      numberOfLines={2}
                      onBlur={[Function]}
                      onChangeText={[Function]}
                      onFocus={[Function]}
                      placeholder=""
                      placeholderTextColor="rgb(127, 153, 188)"
                      returnKeyType="done"
                      style={
                        Array [
                          Object {
                            "color": "rgb(0, 50, 120)",
                            "flex": 1,
                            "fontFamily": "Poppins",
                            "fontSize": 14,
                            "fontWeight": "bold",
                            "lineHeight": 21,
                            "textAlignVertical": "top",
                          },
                          Object {
                            "paddingTop": 12,
                            "width": "100%",
                          },
                        ]
                      }
                      underlineColorAndroid="transparent"
                      value=""
                    />
                  </View>
                </View>
                <View
                  style={
                    Object {
                      "marginTop": 20,
                    }
                  }
                >
                  <View
                    style={
                      Object {
                        "alignItems": "center",
                        "alignSelf": "stretch",
                      }
                    }
                  >
                    <View
                      accessible={true}
                      isTVSelectable={true}
                      onResponderGrant={[Function]}
                      onResponderMove={[Function]}
                      onResponderRelease={[Function]}
                      onResponderTerminate={[Function]}
                      onResponderTerminationRequest={[Function]}
                      onStartShouldSetResponder={[Function]}
                      style={
                        Object {
                          "backgroundColor": "rgba(21, 74, 150, 0.5)",
                          "borderColor": "rgba(255, 255, 255, 0)",
                          "borderRadius": 22.5,
                          "borderWidth": 1,
                          "marginBottom": 10,
                          "maxWidth": 400,
                          "opacity": 1,
                          "width": "100%",
                        }
                      }
                    >
                      <Text
                        style={
                          Array [
                            Object {
                              "alignSelf": "stretch",
                              "color": "rgb(255, 255, 255)",
                              "fontFamily": "Poppins",
                              "fontSize": 14,
                              "fontWeight": "bold",
                              "height": 45,
                              "paddingLeft": 20,
                              "paddingRight": 20,
                              "paddingTop": 12,
                              "textAlign": "center",
                            },
                            undefined,
                            Array [
                              Object {
                                "color": "rgb(255, 255, 255)",
                              },
                              undefined,
                            ],
                            undefined,
                          ]
                        }
                      >
                        Next
                      </Text>
                    </View>
                  </View>
                </View>
              </View>
              <View
                style={
                  Object {
                    "alignItems": "center",
                    "alignSelf": "stretch",
                  }
                }
              >
                <View
                  accessible={true}
                  isTVSelectable={true}
                  onResponderGrant={[Function]}
                  onResponderMove={[Function]}
                  onResponderRelease={[Function]}
                  onResponderTerminate={[Function]}
                  onResponderTerminationRequest={[Function]}
                  onStartShouldSetResponder={[Function]}
                  style={
                    Object {
                      "backgroundColor": "rgba(255, 255, 255, 0)",
                      "borderColor": "rgb(0, 50, 120)",
                      "borderRadius": 22.5,
                      "borderWidth": 1,
                      "marginBottom": 10,
                      "maxWidth": 400,
                      "opacity": 1,
                      "width": "100%",
                    }
                  }
                >
                  <Text
                    style={
                      Array [
                        Object {
                          "alignSelf": "stretch",
                          "color": "rgb(255, 255, 255)",
                          "fontFamily": "Poppins",
                          "fontSize": 14,
                          "fontWeight": "bold",
                          "height": 45,
                          "paddingLeft": 20,
                          "paddingRight": 20,
                          "paddingTop": 12,
                          "textAlign": "center",
                        },
                        Object {
                          "color": "rgb(0, 50, 120)",
                        },
                        null,
                        undefined,
                      ]
                    }
                  >
                    Cancel
                  </Text>
                </View>
              </View>
            </View>
          </View>
        </RCTScrollView>
      </View>
    </View>
  </View>
</View>
`;
