// Jest Snapshot v1, https://goo.gl/fbAQLP

exports[`Messages renders correctly without messages 1`] = `
<View
  onLayout={[Function]}
  style={
    Array [
      Object {
        "backgroundColor": "rgb(0, 50, 120)",
        "flex": 1,
        "justifyContent": "space-between",
      },
      Object {
        "width": 750,
      },
      Object {
        "display": "flex",
        "flex": 1,
      },
    ]
  }
>
  <View
    style={
      Object {
        "backgroundColor": "rgb(21, 74, 150)",
        "bottom": 0,
        "left": 0,
        "position": "absolute",
        "right": 0,
        "top": 242,
      }
    }
  />
  <View
    style={
      Object {
        "alignItems": "center",
        "backgroundColor": "rgb(0, 50, 120)",
        "justifyContent": "center",
        "minHeight": 30,
      }
    }
  >
    <Image
      source={
        Object {
          "testUri": "../../../src/app/components/logo/images/pigzbe_logo_inapp.png",
        }
      }
      style={
        Object {
          "height": 25,
          "marginBottom": 10,
          "marginTop": 34,
          "width": 65,
        }
      }
    />
  </View>
  <View
    style={
      Object {
        "alignItems": "center",
        "justifyContent": "center",
        "marginTop": 20,
      }
    }
  >
    <Text
      style={
        Array [
          Object {
            "color": "rgb(255, 255, 255)",
            "fontFamily": "Poppins",
            "fontSize": 22,
            "fontWeight": "bold",
          },
          undefined,
        ]
      }
    >
      Your Updates
    </Text>
    <Image
      source={
        Object {
          "testUri": "../../../src/app/components/step-header/images/messages.png",
        }
      }
      style={
        Object {
          "height": 100,
          "marginBottom": -30,
          "marginTop": 8,
          "width": 200,
        }
      }
    />
  </View>
  <View
    onLayout={[Function]}
    style={
      Object {
        "flex": 1,
      }
    }
  >
    <View
      style={
        Array [
          Object {
            "flexGrow": 1,
          },
          Object {
            "bottom": 0,
          },
        ]
      }
    >
      <View
        onLayout={[Function]}
        style={
          Array [
            Object {
              "backgroundColor": "rgb(0, 50, 120)",
              "flex": 1,
              "justifyContent": "space-between",
            },
            Object {
              "width": 750,
            },
            Array [
              Object {
                "alignSelf": "center",
                "borderTopLeftRadius": 5,
                "borderTopRightRadius": 5,
                "width": "88.75%",
              },
              Object {
                "backgroundColor": "rgb(255, 255, 255)",
              },
            ],
          ]
        }
      >
        <View
          style={
            Array [
              Object {
                "display": "flex",
                "flex": 1,
              },
              null,
              null,
            ]
          }
        >
          <View
            style={
              Object {
                "alignItems": "stretch",
                "alignSelf": "stretch",
                "position": "relative",
              }
            }
          >
            <RCTScrollView
              data={Array []}
              disableVirtualization={false}
              getItem={[Function]}
              getItemCount={[Function]}
              horizontal={false}
              initialNumToRender={10}
              keyExtractor={[Function]}
              maxToRenderPerBatch={10}
              numColumns={1}
              onContentSizeChange={[Function]}
              onEndReachedThreshold={2}
              onLayout={[Function]}
              onMomentumScrollEnd={[Function]}
              onScroll={[Function]}
              onScrollBeginDrag={[Function]}
              onScrollEndDrag={[Function]}
              renderItem={[Function]}
              scrollEventThrottle={50}
              stickyHeaderIndices={Array []}
              updateCellsBatchingPeriod={50}
              viewabilityConfigCallbackPairs={Array []}
              windowSize={21}
            >
              <View />
            </RCTScrollView>
          </View>
        </View>
      </View>
    </View>
  </View>
</View>
`;
