// Jest Snapshot v1, https://goo.gl/fbAQLP

exports[`ButtonIcon Icon renders correctly 1`] = `
<View
  accessible={true}
  isTVSelectable={true}
  onResponderGrant={[Function]}
  onResponderMove={[Function]}
  onResponderRelease={[Function]}
  onResponderTerminate={[Function]}
  onResponderTerminationRequest={[Function]}
  onStartShouldSetResponder={[Function]}
  style={
    Object {
      "alignItems": "center",
      "backgroundColor": "rgb(241, 241, 255)",
      "borderColor": "rgb(241, 241, 255)",
      "borderRadius": 10,
      "borderStyle": "solid",
      "borderWidth": 3,
      "height": 60,
      "justifyContent": "center",
      "opacity": 1,
      "width": 60,
    }
  }
>
  <Image
    source="banana"
    style={
      Object {
        "height": 60,
        "width": 60,
      }
    }
  />
</View>
`;
