// Jest Snapshot v1, https://goo.gl/fbAQLP

exports[`DevPanel renders correctly 1`] = `
<View
  style={
    Object {
      "alignItems": "center",
      "flex": 1,
      "flexDirection": "row",
      "justifyContent": "space-between",
      "left": 0,
      "paddingLeft": "6.25%",
      "paddingRight": "6.25%",
      "position": "absolute",
      "top": 30,
      "width": "100%",
    }
  }
>
  <Text
    style={
      Object {
        "backgroundColor": "rgb(149, 198, 100)",
        "color": "rgb(255, 255, 255)",
        "fontFamily": "Poppins",
        "fontSize": 12,
        "fontWeight": "bold",
        "paddingLeft": 4,
        "paddingRight": 4,
      }
    }
  >
    NO NETWORK OVERRIDE
  </Text>
  <View
    accessible={true}
    isTVSelectable={true}
    onResponderGrant={[Function]}
    onResponderMove={[Function]}
    onResponderRelease={[Function]}
    onResponderTerminate={[Function]}
    onResponderTerminationRequest={[Function]}
    onStartShouldSetResponder={[Function]}
    style={
      Object {
        "height": 38,
        "opacity": 1,
        "paddingBottom": 10,
        "paddingLeft": 10,
        "paddingRight": 10,
        "paddingTop": 10,
        "width": 38,
      }
    }
  >
    <Image
      source={
        Object {
          "testUri": "../../../src/app/components/header/images/settings-icon.png",
        }
      }
      style={
        Object {
          "height": 18,
          "width": 18,
        }
      }
    />
  </View>
</View>
`;
