// Jest Snapshot v1, https://goo.gl/fbAQLP

exports[`Escrow renders correctly 1`] = `
Array [
  <View
    style={
      Object {
        "alignItems": "center",
        "backgroundColor": "rgb(0, 50, 120)",
        "justifyContent": "center",
      }
    }
  >
    <Image
      source={
        Object {
          "testUri": "../../../src/app/components/logo/images/pigzbe_logo_inapp.png",
        }
      }
      style={
        Object {
          "height": 25,
          "marginBottom": 10,
          "marginTop": 34,
          "width": 65,
        }
      }
    />
  </View>,
  <RCTScrollView
    contentContainerStyle={
      Object {
        "alignSelf": "stretch",
        "backgroundColor": "rgb(0, 50, 120)",
        "position": "relative",
      }
    }
    style={
      Object {
        "backgroundColor": "rgb(0, 50, 120)",
      }
    }
  >
    <View>
      <View
        style={
          Object {
            "alignItems": "center",
            "alignSelf": "stretch",
            "backgroundColor": "rgb(0, 50, 120)",
            "flex": 1,
            "justifyContent": "flex-start",
            "paddingLeft": "9.375%",
            "paddingRight": "9.375%",
          }
        }
      >
        <Text
          accessible={true}
          allowFontScaling={true}
          ellipsizeMode="tail"
          style={
            Object {
              "color": "rgb(255, 255, 255)",
              "fontFamily": "Poppins",
              "fontSize": 16,
              "fontWeight": "bold",
              "marginBottom": 0,
              "marginTop": 10,
              "textAlign": "center",
            }
          }
        >
          Escrow
        </Text>
        <Text
          accessible={true}
          allowFontScaling={true}
          ellipsizeMode="tail"
          style={
            Object {
              "color": "rgb(255, 255, 255)",
              "fontFamily": "Poppins",
              "fontSize": 16,
              "fontWeight": "bold",
              "marginBottom": 0,
              "marginTop": 10,
              "textAlign": "center",
            }
          }
        >
          transactions: 
          4
        </Text>
        <View
          accessibilityComponentType={undefined}
          accessibilityLabel={undefined}
          accessibilityTraits={undefined}
          accessible={true}
          collapsable={undefined}
          hasTVPreferredFocus={undefined}
          hitSlop={undefined}
          isTVSelectable={true}
          nativeID={undefined}
          onLayout={undefined}
          onResponderGrant={[Function]}
          onResponderMove={[Function]}
          onResponderRelease={[Function]}
          onResponderTerminate={[Function]}
          onResponderTerminationRequest={[Function]}
          onStartShouldSetResponder={[Function]}
          style={
            Object {
              "alignSelf": "stretch",
              "backgroundColor": "rgb(253, 223, 6)",
              "borderColor": "rgb(253, 223, 6)",
              "borderRadius": 22.5,
              "borderWidth": 1,
              "marginBottom": 10,
              "opacity": 1,
            }
          }
          testID={undefined}
          tvParallaxProperties={undefined}
        >
          <Text
            accessible={true}
            allowFontScaling={true}
            ellipsizeMode="tail"
            style={
              Object {
                "alignSelf": "stretch",
                "color": "rgb(0, 50, 120)",
                "fontFamily": "Poppins",
                "fontSize": 16,
                "fontWeight": "bold",
                "height": 45,
                "paddingLeft": 20,
                "paddingRight": 20,
                "paddingTop": 10,
                "textAlign": "center",
              }
            }
          >
            Back
          </Text>
        </View>
      </View>
    </View>
  </RCTScrollView>,
]
`;
