// Jest Snapshot v1, https://goo.gl/fbAQLP

exports[`Logo renders correctly 1`] = `
<Image
  source={
    Object {
      "testUri": "../../../src/app/components/logo/images/pigzbe_logo_inapp.png",
    }
  }
  style={
    Object {
      "height": 25,
      "width": 65,
    }
  }
/>
`;
