// Jest Snapshot v1, https://goo.gl/fbAQLP

exports[`Messages renders correctly without messages 1`] = `
<View
  style={
    Object {
      "alignItems": "center",
      "alignSelf": "stretch",
      "backgroundColor": "rgb(0, 50, 120)",
      "flex": 1,
      "justifyContent": "center",
    }
  }
>
  <View
    style={
      Object {
        "alignItems": "center",
        "flex": 1,
        "flexBasis": 162,
        "flexGrow": 0,
        "height": 162,
        "justifyContent": "flex-start",
        "width": "100%",
      }
    }
  >
    <Image
      source={
        Object {
          "testUri": "../../../src/app/components/logo/images/pigzbe_logo_inapp.png",
        }
      }
      style={
        Object {
          "height": 25,
          "marginBottom": 10,
          "marginTop": 34,
          "width": 65,
        }
      }
    />
    <Text
      accessible={true}
      allowFontScaling={true}
      ellipsizeMode="tail"
      style={
        Object {
          "color": "rgb(255, 255, 255)",
          "fontFamily": "Poppins",
          "fontSize": 16,
          "fontWeight": "bold",
          "marginLeft": 20,
          "marginRight": 20,
          "marginTop": 10,
          "textAlign": "center",
        }
      }
    >
      Your Updates
    </Text>
    <View
      style={
        Object {
          "alignItems": "center",
          "bottom": 0,
          "flex": 1,
          "justifyContent": "flex-end",
          "position": "absolute",
        }
      }
    >
      <Image
        source={
          Object {
            "testUri": "../../../src/app/components/pig/pig.png",
          }
        }
        style={
          Object {
            "height": 35,
            "width": 81,
          }
        }
      />
    </View>
  </View>
  <View
    style={
      Object {
        "alignItems": "center",
        "backgroundColor": "rgb(247, 247, 250)",
        "flex": 1,
        "justifyContent": "center",
        "width": "100%",
      }
    }
  >
    <View
      style={
        Object {
          "backgroundColor": "rgba(0, 0, 0, 0.05)",
          "height": 5,
          "left": 0,
          "position": "absolute",
          "right": 0,
          "top": 0,
          "zIndex": 1,
        }
      }
    />
    <RCTScrollView
      data={Array []}
      disableVirtualization={false}
      getItem={[Function]}
      getItemCount={[Function]}
      horizontal={false}
      initialNumToRender={10}
      invertStickyHeaders={undefined}
      keyExtractor={[Function]}
      maxToRenderPerBatch={10}
      numColumns={1}
      onContentSizeChange={[Function]}
      onEndReachedThreshold={2}
      onLayout={[Function]}
      onMomentumScrollEnd={[Function]}
      onScroll={[Function]}
      onScrollBeginDrag={[Function]}
      onScrollEndDrag={[Function]}
      renderItem={[Function]}
      scrollEventThrottle={50}
      stickyHeaderIndices={Array []}
      updateCellsBatchingPeriod={50}
      viewabilityConfigCallbackPairs={Array []}
      windowSize={21}
    >
      <View />
    </RCTScrollView>
  </View>
</View>
`;
