// Jest Snapshot v1, https://goo.gl/fbAQLP

exports[`Navigation: Wallet renders correctly 1`] = `
<View
  style={
    Object {
      "alignItems": "center",
      "backgroundColor": "rgb(0, 50, 120)",
      "bottom": 0,
      "flex": 1,
      "justifyContent": "center",
      "left": 0,
      "position": "absolute",
      "right": 0,
      "top": 0,
    }
  }
>
  <ActivityIndicator
    animating={true}
    color="rgb(230, 155, 230)"
    hidesWhenStopped={true}
    size="large"
  />
</View>
`;
