// Jest Snapshot v1, https://goo.gl/fbAQLP

exports[`Navigation: Tabs renders correctly 1`] = `
<View
  style={
    Object {
      "alignSelf": "stretch",
      "flex": 1,
    }
  }
>
  <View
    style={
      Object {
        "backgroundColor": "rgba(0, 0, 0, 0.05)",
        "bottom": 50,
        "height": 5,
        "left": 0,
        "position": "absolute",
        "right": 0,
        "zIndex": 1,
      }
    }
  />
  <View
    loaded={
      Array [
        0,
      ]
    }
    onLayout={[Function]}
    style={
      Array [
        Object {
          "flex": 1,
          "overflow": "hidden",
        },
        Object {
          "flex": 1,
        },
      ]
    }
  >
    <View
      collapsable={undefined}
      onMoveShouldSetResponder={[Function]}
      onMoveShouldSetResponderCapture={[Function]}
      onResponderEnd={[Function]}
      onResponderGrant={[Function]}
      onResponderMove={[Function]}
      onResponderReject={[Function]}
      onResponderRelease={[Function]}
      onResponderStart={[Function]}
      onResponderTerminate={[Function]}
      onResponderTerminationRequest={[Function]}
      onStartShouldSetResponder={[Function]}
      onStartShouldSetResponderCapture={[Function]}
      style={
        Object {
          "alignItems": "stretch",
          "flex": 1,
          "flexDirection": "row",
        }
      }
    >
      <View
        style={
          Object {
            "bottom": 0,
            "left": 0,
            "position": "absolute",
            "right": 0,
            "top": 0,
          }
        }
        testID={undefined}
      >
        <View
          collapsable={false}
          removeClippedSubviews={false}
          style={
            Object {
              "flex": 1,
              "overflow": "hidden",
            }
          }
        >
          <View
            style={
              Object {
                "flex": 1,
              }
            }
          >
            <View
              style={
                Object {
                  "alignItems": "center",
                  "backgroundColor": "rgb(0, 50, 120)",
                  "bottom": 0,
                  "flex": 1,
                  "justifyContent": "center",
                  "left": 0,
                  "position": "absolute",
                  "right": 0,
                  "top": 0,
                }
              }
            >
              <ActivityIndicator
                animating={true}
                color="rgb(230, 155, 230)"
                hidesWhenStopped={true}
                size="large"
              />
            </View>
          </View>
        </View>
      </View>
      <View
        style={null}
        testID={undefined}
      />
      <View
        style={null}
        testID={undefined}
      />
      <View
        style={null}
        testID={undefined}
      />
    </View>
    <View
      collapsable={undefined}
      style={undefined}
    >
      <View
        collapsable={undefined}
        onLayout={[Function]}
        pointerEvents="box-none"
        style={
          Object {
            "backgroundColor": "#F7F7F7",
            "borderTopColor": "rgba(0, 0, 0, .3)",
            "borderTopWidth": 0,
            "flexDirection": "row",
            "height": 50,
            "paddingBottom": 0,
            "paddingLeft": 0,
            "paddingRight": 0,
            "paddingTop": 0,
          }
        }
      >
        <View
          accessibilityComponentType={undefined}
          accessibilityLabel={undefined}
          accessibilityTraits={undefined}
          accessible={true}
          collapsable={undefined}
          hitSlop={undefined}
          nativeID={undefined}
          onLayout={undefined}
          onResponderGrant={[Function]}
          onResponderMove={[Function]}
          onResponderRelease={[Function]}
          onResponderTerminate={[Function]}
          onResponderTerminationRequest={[Function]}
          onStartShouldSetResponder={[Function]}
          style={
            Object {
              "alignItems": "center",
              "backgroundColor": "rgba(0, 0, 0, 0)",
              "flex": 1,
            }
          }
          testID={undefined}
        >
          <View
            style={
              Array [
                Object {
                  "alignItems": "center",
                  "flex": 1,
                },
                Object {
                  "flexDirection": "column",
                  "justifyContent": "flex-end",
                },
                Object {
                  "height": 50,
                },
              ]
            }
          >
            <View
              style={
                Array [
                  Object {
                    "height": 29,
                  },
                  false,
                  Object {
                    "flex": 1,
                  },
                ]
              }
            >
              <View
                collapsable={undefined}
                style={
                  Object {
                    "alignItems": "center",
                    "alignSelf": "center",
                    "height": "100%",
                    "justifyContent": "center",
                    "minWidth": 30,
                    "opacity": 1,
                    "position": "absolute",
                    "width": "100%",
                  }
                }
              >
                <Image
                  source={
                    Object {
                      "testUri": "../../../src/app/navigation/tabs/images/wallet-active.png",
                    }
                  }
                  style={
                    Object {
                      "height": 19,
                      "width": 19,
                    }
                  }
                />
              </View>
              <View
                collapsable={undefined}
                style={
                  Object {
                    "alignItems": "center",
                    "alignSelf": "center",
                    "height": "100%",
                    "justifyContent": "center",
                    "minWidth": 30,
                    "opacity": 0,
                    "position": "absolute",
                    "width": "100%",
                  }
                }
              >
                <Image
                  source={
                    Object {
                      "testUri": "../../../src/app/navigation/tabs/images/wallet.png",
                    }
                  }
                  style={
                    Object {
                      "height": 19,
                      "width": 19,
                    }
                  }
                />
              </View>
            </View>
            <Text
              accessible={true}
              allowFontScaling={true}
              collapsable={undefined}
              ellipsizeMode="tail"
              numberOfLines={1}
              style={
                Object {
                  "backgroundColor": "transparent",
                  "color": "rgba(0, 50, 120, 1)",
                  "fontFamily": "Poppins",
                  "fontSize": 10,
                  "fontWeight": "bold",
                  "marginBottom": 1.5,
                  "textAlign": "center",
                }
              }
            >
              Wallet
            </Text>
          </View>
        </View>
        <View
          accessibilityComponentType={undefined}
          accessibilityLabel={undefined}
          accessibilityTraits={undefined}
          accessible={true}
          collapsable={undefined}
          hitSlop={undefined}
          nativeID={undefined}
          onLayout={undefined}
          onResponderGrant={[Function]}
          onResponderMove={[Function]}
          onResponderRelease={[Function]}
          onResponderTerminate={[Function]}
          onResponderTerminationRequest={[Function]}
          onStartShouldSetResponder={[Function]}
          style={
            Object {
              "alignItems": "center",
              "backgroundColor": "rgba(0, 0, 0, 0)",
              "flex": 1,
            }
          }
          testID={undefined}
        >
          <View
            style={
              Array [
                Object {
                  "alignItems": "center",
                  "flex": 1,
                },
                Object {
                  "flexDirection": "column",
                  "justifyContent": "flex-end",
                },
                Object {
                  "height": 50,
                },
              ]
            }
          >
            <View
              style={
                Array [
                  Object {
                    "height": 29,
                  },
                  false,
                  Object {
                    "flex": 1,
                  },
                ]
              }
            >
              <View
                collapsable={undefined}
                style={
                  Object {
                    "alignItems": "center",
                    "alignSelf": "center",
                    "height": "100%",
                    "justifyContent": "center",
                    "minWidth": 30,
                    "opacity": 0,
                    "position": "absolute",
                    "width": "100%",
                  }
                }
              >
                <Image
                  source={
                    Object {
                      "testUri": "../../../src/app/navigation/tabs/images/messages-active.png",
                    }
                  }
                  style={
                    Object {
                      "height": 13,
                      "width": 20,
                    }
                  }
                />
              </View>
              <View
                collapsable={undefined}
                style={
                  Object {
                    "alignItems": "center",
                    "alignSelf": "center",
                    "height": "100%",
                    "justifyContent": "center",
                    "minWidth": 30,
                    "opacity": 1,
                    "position": "absolute",
                    "width": "100%",
                  }
                }
              >
                <Image
                  source={
                    Object {
                      "testUri": "../../../src/app/navigation/tabs/images/messages.png",
                    }
                  }
                  style={
                    Object {
                      "height": 13,
                      "width": 20,
                    }
                  }
                />
              </View>
            </View>
            <Text
              accessible={true}
              allowFontScaling={true}
              collapsable={undefined}
              ellipsizeMode="tail"
              numberOfLines={1}
              style={
                Object {
                  "backgroundColor": "transparent",
                  "color": "rgba(155, 155, 155, 1)",
                  "fontFamily": "Poppins",
                  "fontSize": 10,
                  "fontWeight": "bold",
                  "marginBottom": 1.5,
                  "textAlign": "center",
                }
              }
            >
              Transfer
            </Text>
          </View>
        </View>
        <View
          accessibilityComponentType={undefined}
          accessibilityLabel={undefined}
          accessibilityTraits={undefined}
          accessible={true}
          collapsable={undefined}
          hitSlop={undefined}
          nativeID={undefined}
          onLayout={undefined}
          onResponderGrant={[Function]}
          onResponderMove={[Function]}
          onResponderRelease={[Function]}
          onResponderTerminate={[Function]}
          onResponderTerminationRequest={[Function]}
          onStartShouldSetResponder={[Function]}
          style={
            Object {
              "alignItems": "center",
              "backgroundColor": "rgba(0, 0, 0, 0)",
              "flex": 1,
            }
          }
          testID={undefined}
        >
          <View
            style={
              Array [
                Object {
                  "alignItems": "center",
                  "flex": 1,
                },
                Object {
                  "flexDirection": "column",
                  "justifyContent": "flex-end",
                },
                Object {
                  "height": 50,
                },
              ]
            }
          >
            <View
              style={
                Array [
                  Object {
                    "height": 29,
                  },
                  false,
                  Object {
                    "flex": 1,
                  },
                ]
              }
            >
              <View
                collapsable={undefined}
                style={
                  Object {
                    "alignItems": "center",
                    "alignSelf": "center",
                    "height": "100%",
                    "justifyContent": "center",
                    "minWidth": 30,
                    "opacity": 0,
                    "position": "absolute",
                    "width": "100%",
                  }
                }
              >
                <Image
                  source={
                    Object {
                      "testUri": "../../../src/app/navigation/tabs/images/messages-active.png",
                    }
                  }
                  style={
                    Object {
                      "height": 13,
                      "width": 20,
                    }
                  }
                />
              </View>
              <View
                collapsable={undefined}
                style={
                  Object {
                    "alignItems": "center",
                    "alignSelf": "center",
                    "height": "100%",
                    "justifyContent": "center",
                    "minWidth": 30,
                    "opacity": 1,
                    "position": "absolute",
                    "width": "100%",
                  }
                }
              >
                <Image
                  source={
                    Object {
                      "testUri": "../../../src/app/navigation/tabs/images/messages.png",
                    }
                  }
                  style={
                    Object {
                      "height": 13,
                      "width": 20,
                    }
                  }
                />
              </View>
            </View>
            <Text
              accessible={true}
              allowFontScaling={true}
              collapsable={undefined}
              ellipsizeMode="tail"
              numberOfLines={1}
              style={
                Object {
                  "backgroundColor": "transparent",
                  "color": "rgba(155, 155, 155, 1)",
                  "fontFamily": "Poppins",
                  "fontSize": 10,
                  "fontWeight": "bold",
                  "marginBottom": 1.5,
                  "textAlign": "center",
                }
              }
            >
              Messages
            </Text>
          </View>
        </View>
        <View
          accessibilityComponentType={undefined}
          accessibilityLabel={undefined}
          accessibilityTraits={undefined}
          accessible={true}
          collapsable={undefined}
          hitSlop={undefined}
          nativeID={undefined}
          onLayout={undefined}
          onResponderGrant={[Function]}
          onResponderMove={[Function]}
          onResponderRelease={[Function]}
          onResponderTerminate={[Function]}
          onResponderTerminationRequest={[Function]}
          onStartShouldSetResponder={[Function]}
          style={
            Object {
              "alignItems": "center",
              "backgroundColor": "rgba(0, 0, 0, 0)",
              "flex": 1,
            }
          }
          testID={undefined}
        >
          <View
            style={
              Array [
                Object {
                  "alignItems": "center",
                  "flex": 1,
                },
                Object {
                  "flexDirection": "column",
                  "justifyContent": "flex-end",
                },
                Object {
                  "height": 50,
                },
              ]
            }
          >
            <View
              style={
                Array [
                  Object {
                    "height": 29,
                  },
                  false,
                  Object {
                    "flex": 1,
                  },
                ]
              }
            >
              <View
                collapsable={undefined}
                style={
                  Object {
                    "alignItems": "center",
                    "alignSelf": "center",
                    "height": "100%",
                    "justifyContent": "center",
                    "minWidth": 30,
                    "opacity": 0,
                    "position": "absolute",
                    "width": "100%",
                  }
                }
              >
                <Image
                  source={
                    Object {
                      "testUri": "../../../src/app/navigation/tabs/images/game-active.png",
                    }
                  }
                  style={
                    Object {
                      "height": 20,
                      "width": 20,
                    }
                  }
                />
              </View>
              <View
                collapsable={undefined}
                style={
                  Object {
                    "alignItems": "center",
                    "alignSelf": "center",
                    "height": "100%",
                    "justifyContent": "center",
                    "minWidth": 30,
                    "opacity": 1,
                    "position": "absolute",
                    "width": "100%",
                  }
                }
              >
                <Image
                  source={
                    Object {
                      "testUri": "../../../src/app/navigation/tabs/images/game.png",
                    }
                  }
                  style={
                    Object {
                      "height": 20,
                      "width": 20,
                    }
                  }
                />
              </View>
            </View>
            <Text
              accessible={true}
              allowFontScaling={true}
              collapsable={undefined}
              ellipsizeMode="tail"
              numberOfLines={1}
              style={
                Object {
                  "backgroundColor": "transparent",
                  "color": "rgba(155, 155, 155, 1)",
                  "fontFamily": "Poppins",
                  "fontSize": 10,
                  "fontWeight": "bold",
                  "marginBottom": 1.5,
                  "textAlign": "center",
                }
              }
            >
              Game
            </Text>
          </View>
        </View>
      </View>
    </View>
  </View>
</View>
`;
