// Jest Snapshot v1, https://goo.gl/fbAQLP

exports[`Transfer renders correctly 1`] = `
Array [
  <View
    onLayout={[Function]}
    style={
      Array [
        Object {
          "backgroundColor": "rgb(0, 50, 120)",
          "flex": 1,
          "justifyContent": "space-between",
        },
        Object {
          "width": 750,
        },
        Object {
          "display": "flex",
          "flex": 1,
        },
      ]
    }
  >
    <View
      style={
        Object {
          "backgroundColor": "rgb(21, 74, 150)",
          "bottom": 0,
          "left": 0,
          "position": "absolute",
          "right": 0,
          "top": 242,
        }
      }
    />
    <View
      style={
        Object {
          "alignItems": "center",
          "backgroundColor": "rgb(0, 50, 120)",
          "display": "flex",
          "flexDirection": "row",
          "height": 70,
          "justifyContent": "space-between",
          "paddingTop": 20,
        }
      }
    >
      <View
        style={
          Object {
            "display": "flex",
            "justifyContent": "center",
            "marginLeft": 18,
            "marginRight": 18,
            "width": 40,
          }
        }
      />
      <View
        style={
          Object {
            "alignItems": "center",
            "display": "flex",
            "flex": 1,
            "justifyContent": "center",
          }
        }
      >
        <Image
          source={
            Object {
              "testUri": "../../../src/app/components/logo/images/pigzbe_logo_inapp.png",
            }
          }
          style={
            Object {
              "height": 25,
              "width": 65,
            }
          }
        />
      </View>
      <View
        style={
          Object {
            "display": "flex",
            "justifyContent": "center",
            "marginLeft": 18,
            "marginRight": 18,
            "width": 40,
          }
        }
      />
    </View>
    <View
      style={
        Object {
          "alignItems": "center",
          "justifyContent": "center",
          "marginTop": 10,
        }
      }
    >
      <Text
        style={
          Array [
            Object {
              "color": "rgb(255, 255, 255)",
              "fontFamily": "Poppins",
              "fontSize": 22,
              "fontWeight": "bold",
            },
            undefined,
          ]
        }
      >
        Transfer
      </Text>
      <Image
        source={
          Object {
            "testUri": "../../../src/app/components/step-header/images/transfer.png",
          }
        }
        style={
          Object {
            "height": 100,
            "marginBottom": -30,
            "marginTop": 8,
            "width": 200,
          }
        }
      />
    </View>
    <View
      onLayout={[Function]}
      style={
        Object {
          "flex": 1,
        }
      }
    >
      <View
        style={
          Array [
            Object {
              "flexGrow": 1,
            },
            Object {
              "bottom": 0,
            },
          ]
        }
      >
        <View
          onLayout={[Function]}
          style={
            Array [
              Object {
                "backgroundColor": "rgb(0, 50, 120)",
                "flex": 1,
                "justifyContent": "space-between",
              },
              Object {
                "width": 750,
              },
              Array [
                Object {
                  "alignSelf": "center",
                  "borderTopLeftRadius": 5,
                  "borderTopRightRadius": 5,
                  "width": "88.75%",
                },
                Object {
                  "backgroundColor": "rgb(255, 255, 255)",
                },
              ],
            ]
          }
        >
          <View
            style={
              Array [
                Object {
                  "display": "flex",
                  "flex": 1,
                },
                null,
                Object {
                  "paddingTop": 30,
                },
              ]
            }
          >
            <Text
              style={
                Array [
                  Object {
                    "color": "rgb(0, 50, 120)",
                    "fontFamily": "Poppins",
                    "fontSize": 16,
                    "marginBottom": 18,
                    "textAlign": "center",
                  },
                  null,
                  undefined,
                ]
              }
            >
              No transaction history
            </Text>
          </View>
        </View>
      </View>
    </View>
  </View>,
  <View
    style={
      Object {
        "alignSelf": "center",
        "bottom": 20,
        "left": "5.625%",
        "paddingLeft": 18,
        "paddingRight": 18,
        "position": "absolute",
        "width": "88.75%",
      }
    }
  >
    <View
      style={
        Object {
          "alignItems": "center",
          "alignSelf": "stretch",
        }
      }
    >
      <View
        accessible={true}
        isTVSelectable={true}
        onResponderGrant={[Function]}
        onResponderMove={[Function]}
        onResponderRelease={[Function]}
        onResponderTerminate={[Function]}
        onResponderTerminationRequest={[Function]}
        onStartShouldSetResponder={[Function]}
        style={
          Object {
            "backgroundColor": "rgba(21, 74, 150, 0.5)",
            "borderColor": "rgba(255, 255, 255, 0)",
            "borderRadius": 22.5,
            "borderWidth": 1,
            "marginBottom": 10,
            "maxWidth": 400,
            "opacity": 1,
            "width": "100%",
          }
        }
      >
        <Text
          style={
            Array [
              Object {
                "alignSelf": "stretch",
                "color": "rgb(255, 255, 255)",
                "fontFamily": "Poppins",
                "fontSize": 14,
                "fontWeight": "bold",
                "height": 45,
                "paddingLeft": 20,
                "paddingRight": 20,
                "paddingTop": 12,
                "textAlign": "center",
              },
              undefined,
              Array [
                Object {
                  "color": "rgb(255, 255, 255)",
                },
                undefined,
              ],
              undefined,
            ]
          }
        >
          Transfer Wollo
        </Text>
      </View>
    </View>
  </View>,
]
`;
