// Jest Snapshot v1, https://goo.gl/fbAQLP

exports[`Progress renders correctly 1`] = `null`;
