// Jest Snapshot v1, https://goo.gl/fbAQLP

exports[`Game renders correctly 1`] = `
<View
  style={
    Object {
      "alignSelf": "stretch",
      "flex": 1,
    }
  }
>
  <WebView
    domStorageEnabled={true}
    javaScriptEnabled={true}
    mediaPlaybackRequiresUserAction={false}
    onError={[Function]}
    onMessage={[Function]}
    source="html"
    style={
      Object {
        "alignSelf": "stretch",
        "flex": 1,
      }
    }
  />
  <View
    style={
      Object {
        "bottom": 25,
        "left": 18,
        "position": "absolute",
      }
    }
  >
    <View
      accessibilityComponentType={undefined}
      accessibilityLabel={undefined}
      accessibilityTraits={undefined}
      accessible={true}
      collapsable={undefined}
      hasTVPreferredFocus={undefined}
      hitSlop={undefined}
      isTVSelectable={true}
      nativeID={undefined}
      onLayout={undefined}
      onResponderGrant={[Function]}
      onResponderMove={[Function]}
      onResponderRelease={[Function]}
      onResponderTerminate={[Function]}
      onResponderTerminationRequest={[Function]}
      onStartShouldSetResponder={[Function]}
      style={
        Object {
          "alignItems": "center",
          "backgroundColor": "rgb(255, 255, 255)",
          "borderRadius": 14.5,
          "flexDirection": "row",
          "height": 29,
          "justifyContent": "center",
          "opacity": 1,
          "paddingBottom": 3,
          "paddingLeft": 3,
          "paddingRight": 6,
          "paddingTop": 3,
        }
      }
      testID={undefined}
      tvParallaxProperties={undefined}
    >
      <Image
        source={
          Object {
            "testUri": "../../../src/app/components/counter/images/wollo.png",
          }
        }
        style={
          Object {
            "height": 23,
            "width": 23,
          }
        }
      />
      <Image
        source={
          Object {
            "testUri": "../../../src/app/components/counter/images/times.png",
          }
        }
        style={
          Object {
            "height": 12,
            "marginLeft": 5,
            "marginRight": 5,
            "width": 12,
          }
        }
      />
      <Text
        accessible={true}
        allowFontScaling={true}
        ellipsizeMode="tail"
        style={
          Object {
            "color": "rgb(0, 50, 120)",
            "fontFamily": "Poppins",
            "fontSize": 20,
            "fontWeight": "bold",
            "lineHeight": 26,
          }
        }
      >
        00
      </Text>
    </View>
  </View>
  <View
    style={
      Object {
        "alignItems": "center",
        "backgroundColor": "rgb(0, 50, 120)",
        "bottom": 0,
        "flex": 1,
        "justifyContent": "center",
        "left": 0,
        "position": "absolute",
        "right": 0,
        "top": 0,
      }
    }
  >
    <ActivityIndicator
      animating={true}
      color="rgb(230, 155, 230)"
      hidesWhenStopped={true}
      size="large"
    />
    <Text
      accessible={true}
      allowFontScaling={true}
      ellipsizeMode="tail"
      style={
        Object {
          "color": "rgb(255, 255, 255)",
          "fontFamily": "Poppins",
          "fontSize": 12,
          "fontWeight": "bold",
          "marginBottom": 20,
          "marginLeft": 20,
          "marginRight": 20,
          "marginTop": 20,
          "textAlign": "center",
        }
      }
    >
      Loading...
    </Text>
  </View>
</View>
`;
