// Jest Snapshot v1, https://goo.gl/fbAQLP

exports[`Title renders correctly 1`] = `
<Text
  style={
    Array [
      Object {
        "color": "rgb(255, 255, 255)",
        "fontFamily": "Poppins",
        "fontSize": 22,
        "fontWeight": "bold",
      },
      undefined,
    ]
  }
/>
`;
